%!Adobe-FontList 1.09

%BeginFont
Handler:DirectoryHandler
FontType:CMap
CMapName:83pv-RKSJ-H
Registry:Adobe
Ordering:Japan1
OutlineFileName:C:\Program Files\Adobe\Acrobat 7.0\Resource\CMap\83pv-RKSJ-H
FileLength:6213
FileModTime:971120690
%EndFont

%BeginFont
Handler:DirectoryHandler
FontType:CMap
CMapName:90ms-RKSJ-H
Registry:Adobe
Ordering:Japan1
OutlineFileName:C:\Program Files\Adobe\Acrobat 7.0\Resource\CMap\90ms-RKSJ-H
FileLength:5148
FileModTime:971120690
%EndFont

%BeginFont
Handler:DirectoryHandler
FontType:CMap
CMapName:90ms-RKSJ-UCS2
Registry:Adobe
Ordering:90ms_RKSJ_UCS2
OutlineFileName:C:\Program Files\Adobe\Acrobat 7.0\Resource\CMap\90ms-RKSJ-UCS2
FileLength:112126
FileModTime:1035241576
%EndFont

%BeginFont
Handler:DirectoryHandler
FontType:CMap
CMapName:90ms-RKSJ-V
Registry:Adobe
Ordering:Japan1
UseCMap:90ms-RKSJ-H
OutlineFileName:C:\Program Files\Adobe\Acrobat 7.0\Resource\CMap\90ms-RKSJ-V
FileLength:3204
FileModTime:971120690
%EndFont

%BeginFont
Handler:DirectoryHandler
FontType:CMap
CMapName:90msp-RKSJ-H
Registry:Adobe
Ordering:Japan1
OutlineFileName:C:\Program Files\Adobe\Acrobat 7.0\Resource\CMap\90msp-RKSJ-H
FileLength:5077
FileModTime:971120690
%EndFont

%BeginFont
Handler:DirectoryHandler
FontType:CMap
CMapName:90msp-RKSJ-V
Registry:Adobe
Ordering:Japan1
UseCMap:90msp-RKSJ-H
OutlineFileName:C:\Program Files\Adobe\Acrobat 7.0\Resource\CMap\90msp-RKSJ-V
FileLength:3186
FileModTime:971120690
%EndFont

%BeginFont
Handler:DirectoryHandler
FontType:CMap
CMapName:90pv-RKSJ-H
Registry:Adobe
Ordering:Japan1
OutlineFileName:C:\Program Files\Adobe\Acrobat 7.0\Resource\CMap\90pv-RKSJ-H
FileLength:6989
FileModTime:971120690
%EndFont

%BeginFont
Handler:DirectoryHandler
FontType:CMap
CMapName:90pv-RKSJ-UCS2
Registry:Adobe
Ordering:90pv_RKSJ_UCS2
UseCMap:90pv-RKSJ-UCS2C
OutlineFileName:C:\Program Files\Adobe\Acrobat 7.0\Resource\CMap\90pv-RKSJ-UCS2
FileLength:1854
FileModTime:1035241596
%EndFont

%BeginFont
Handler:DirectoryHandler
FontType:CMap
CMapName:90pv-RKSJ-UCS2C
Registry:Adobe
Ordering:90pv_RKSJ_UCS2C
OutlineFileName:C:\Program Files\Adobe\Acrobat 7.0\Resource\CMap\90pv-RKSJ-UCS2C
FileLength:102591
FileModTime:1035241608
%EndFont

%BeginFont
Handler:DirectoryHandler
FontType:CMap
CMapName:Add-RKSJ-H
Registry:Adobe
Ordering:Japan1
OutlineFileName:C:\Program Files\Adobe\Acrobat 7.0\Resource\CMap\Add-RKSJ-H
FileLength:14595
FileModTime:971120690
%EndFont

%BeginFont
Handler:DirectoryHandler
FontType:CMap
CMapName:Add-RKSJ-V
Registry:Adobe
Ordering:Japan1
UseCMap:Add-RKSJ-H
OutlineFileName:C:\Program Files\Adobe\Acrobat 7.0\Resource\CMap\Add-RKSJ-V
FileLength:2777
FileModTime:971120690
%EndFont

%BeginFont
Handler:DirectoryHandler
FontType:CMap
CMapName:Adobe-CNS1-B5pc
Registry:Adobe
Ordering:Adobe_CNS1_B5pc
OutlineFileName:C:\Program Files\Adobe\Acrobat 7.0\Resource\CMap\Adobe-CNS1-B5pc
FileLength:7955
FileModTime:1035241472
%EndFont

%BeginFont
Handler:DirectoryHandler
FontType:CMap
CMapName:Adobe-CNS1-ETenms-B5
Registry:Adobe
Ordering:Adobe_CNS1_ETenms_B5
OutlineFileName:C:\Program Files\Adobe\Acrobat 7.0\Resource\CMap\Adobe-CNS1-ETen-B5
FileLength:8375
FileModTime:1035241478
%EndFont

%BeginFont
Handler:DirectoryHandler
FontType:CMap
CMapName:Adobe-CNS1-H-CID
Registry:Adobe
Ordering:Adobe_CNS1_H_CID
OutlineFileName:C:\Program Files\Adobe\Acrobat 7.0\Resource\CMap\Adobe-CNS1-H-CID
FileLength:1973
FileModTime:1094703222
%EndFont

%BeginFont
Handler:DirectoryHandler
FontType:CMap
CMapName:Adobe-CNS1-H-Host
Registry:Adobe
Ordering:Adobe_CNS1_H_Host
OutlineFileName:C:\Program Files\Adobe\Acrobat 7.0\Resource\CMap\Adobe-CNS1-H-Host
FileLength:8490
FileModTime:1094703466
%EndFont

%BeginFont
Handler:DirectoryHandler
FontType:CMap
CMapName:Adobe-CNS1-H-Mac
Registry:Adobe
Ordering:Adobe_CNS1_H_Mac
OutlineFileName:C:\Program Files\Adobe\Acrobat 7.0\Resource\CMap\Adobe-CNS1-H-Mac
FileLength:8022
FileModTime:1094703524
%EndFont

%BeginFont
Handler:DirectoryHandler
FontType:CMap
CMapName:Adobe-CNS1-UCS2
Registry:Adobe
Ordering:Adobe_CNS1_UCS2
OutlineFileName:C:\Program Files\Adobe\Acrobat 7.0\Resource\CMap\Adobe-CNS1-UCS2
FileLength:261099
FileModTime:1035241512
%EndFont

%BeginFont
Handler:DirectoryHandler
FontType:CMap
CMapName:Adobe-GB1-GBK-EUC
Registry:Adobe
Ordering:Adobe_GB1_GBK_EUC
OutlineFileName:C:\Program Files\Adobe\Acrobat 7.0\Resource\CMap\Adobe-GB1-GBK-EUC
FileLength:93830
FileModTime:1035241378
%EndFont

%BeginFont
Handler:DirectoryHandler
FontType:CMap
CMapName:Adobe-GB1-GBpc-EUC
Registry:Adobe
Ordering:Adobe_GB1_GBpc_EUC
OutlineFileName:C:\Program Files\Adobe\Acrobat 7.0\Resource\CMap\Adobe-GB1-GBpc-EUC
FileLength:4226
FileModTime:1035241388
%EndFont

%BeginFont
Handler:DirectoryHandler
FontType:CMap
CMapName:Adobe-GB1-H-CID
Registry:Adobe
Ordering:Adobe_GB1_H_CID
OutlineFileName:C:\Program Files\Adobe\Acrobat 7.0\Resource\CMap\Adobe-GB1-H-CID
FileLength:2092
FileModTime:1094703556
%EndFont

%BeginFont
Handler:DirectoryHandler
FontType:CMap
CMapName:Adobe-GB1-H-Host
Registry:Adobe
Ordering:Adobe_GB1_H_Host
OutlineFileName:C:\Program Files\Adobe\Acrobat 7.0\Resource\CMap\Adobe-GB1-H-Host
FileLength:94436
FileModTime:1094703486
%EndFont

%BeginFont
Handler:DirectoryHandler
FontType:CMap
CMapName:Adobe-GB1-H-Mac
Registry:Adobe
Ordering:Adobe_GB1_H_Mac
OutlineFileName:C:\Program Files\Adobe\Acrobat 7.0\Resource\CMap\Adobe-GB1-H-Mac
FileLength:4207
FileModTime:1094703452
%EndFont

%BeginFont
Handler:DirectoryHandler
FontType:CMap
CMapName:Adobe-GB1-UCS2
Registry:Adobe
Ordering:Adobe_GB1_UCS2
OutlineFileName:C:\Program Files\Adobe\Acrobat 7.0\Resource\CMap\Adobe-GB1-UCS2
FileLength:233677
FileModTime:1035241424
%EndFont

%BeginFont
Handler:DirectoryHandler
FontType:CMap
CMapName:Adobe-Japan1-90ms-RKSJ
Registry:Adobe
Ordering:Adobe_Japan1_90ms_RKSJ
OutlineFileName:C:\Program Files\Adobe\Acrobat 7.0\Resource\CMap\Adobe-Japan1-90ms-RKSJ
FileLength:6353
FileModTime:1035241320
%EndFont

%BeginFont
Handler:DirectoryHandler
FontType:CMap
CMapName:Adobe-Japan1-90pv-RKSJ
Registry:Adobe
Ordering:Adobe_Japan1_90pv_RKSJ
OutlineFileName:C:\Program Files\Adobe\Acrobat 7.0\Resource\CMap\Adobe-Japan1-90pv-RKSJ
FileLength:8442
FileModTime:1035241328
%EndFont

%BeginFont
Handler:DirectoryHandler
FontType:CMap
CMapName:Adobe-Japan1-H-CID
Registry:Adobe
Ordering:Adobe_Japan1_H_CID
OutlineFileName:C:\Program Files\Adobe\Acrobat 7.0\Resource\CMap\Adobe-Japan1-H-CID
FileLength:2291
FileModTime:1051584356
%EndFont

%BeginFont
Handler:DirectoryHandler
FontType:CMap
CMapName:Adobe-Japan1-H-Host
Registry:Adobe
Ordering:Adobe_Japan1_H_Host
OutlineFileName:C:\Program Files\Adobe\Acrobat 7.0\Resource\CMap\Adobe-Japan1-H-Host
FileLength:6625
FileModTime:1035241226
%EndFont

%BeginFont
Handler:DirectoryHandler
FontType:CMap
CMapName:Adobe-Japan1-H-Mac
Registry:Adobe
Ordering:Adobe_Japan1_H_Mac
OutlineFileName:C:\Program Files\Adobe\Acrobat 7.0\Resource\CMap\Adobe-Japan1-H-Mac
FileLength:5492
FileModTime:1094703338
%EndFont

%BeginFont
Handler:DirectoryHandler
FontType:CMap
CMapName:Adobe-Japan1-PS-H
Registry:Adobe
Ordering:Adobe_Japan1_PS_H
OutlineFileName:C:\Program Files\Adobe\Acrobat 7.0\Resource\CMap\Adobe-Japan1-PS-H
FileLength:23023
FileModTime:1094701702
%EndFont

%BeginFont
Handler:DirectoryHandler
FontType:CMap
CMapName:Adobe-Japan1-PS-V
Registry:Adobe
Ordering:Adobe_Japan1_PS_V
OutlineFileName:C:\Program Files\Adobe\Acrobat 7.0\Resource\CMap\Adobe-Japan1-PS-V
FileLength:13346
FileModTime:1035241248
%EndFont

%BeginFont
Handler:DirectoryHandler
FontType:CMap
CMapName:Adobe-Japan1-UCS2
Registry:Adobe
Ordering:Adobe_Japan1_UCS2
OutlineFileName:C:\Program Files\Adobe\Acrobat 7.0\Resource\CMap\Adobe-Japan1-UCS2
FileLength:301746
FileModTime:1089819552
%EndFont

%BeginFont
Handler:DirectoryHandler
FontType:CMap
CMapName:Adobe-Korea1-H-CID
Registry:Adobe
Ordering:Adobe_Korea1_H_CID
OutlineFileName:C:\Program Files\Adobe\Acrobat 7.0\Resource\CMap\Adobe-Korea1-H-CID
FileLength:1642
FileModTime:1094703538
%EndFont

%BeginFont
Handler:DirectoryHandler
FontType:CMap
CMapName:Adobe-Korea1-H-Host
Registry:Adobe
Ordering:Adobe_Korea1_H_Host
OutlineFileName:C:\Program Files\Adobe\Acrobat 7.0\Resource\CMap\Adobe-Korea1-H-Host
FileLength:16064
FileModTime:1094703372
%EndFont

%BeginFont
Handler:DirectoryHandler
FontType:CMap
CMapName:Adobe-Korea1-H-Mac
Registry:Adobe
Ordering:Adobe_Korea1_H_Mac
OutlineFileName:C:\Program Files\Adobe\Acrobat 7.0\Resource\CMap\Adobe-Korea1-H-Mac
FileLength:11427
FileModTime:1094703428
%EndFont

%BeginFont
Handler:DirectoryHandler
FontType:CMap
CMapName:Adobe-Korea1-KSCms-UHC
Registry:Adobe
Ordering:Adobe_Korea1_KSCms_UHC
OutlineFileName:C:\Program Files\Adobe\Acrobat 7.0\Resource\CMap\Adobe-Korea1-KSCms-UHC
FileLength:15858
FileModTime:1035241208
%EndFont

%BeginFont
Handler:DirectoryHandler
FontType:CMap
CMapName:Adobe-Korea1-KSCpc-EUC
Registry:Adobe
Ordering:Adobe_Korea1_KSCpc_EUC
OutlineFileName:C:\Program Files\Adobe\Acrobat 7.0\Resource\CMap\Adobe-Korea1-KSCpc-EUC
FileLength:11507
FileModTime:1035241182
%EndFont

%BeginFont
Handler:DirectoryHandler
FontType:CMap
CMapName:Adobe-Korea1-UCS2
Registry:Adobe
Ordering:Adobe_Korea1_UCS2
OutlineFileName:C:\Program Files\Adobe\Acrobat 7.0\Resource\CMap\Adobe-Korea1-UCS2
FileLength:154586
FileModTime:1035241140
%EndFont

%BeginFont
Handler:DirectoryHandler
FontType:CMap
CMapName:B5pc-H
Registry:Adobe
Ordering:CNS1
OutlineFileName:C:\Program Files\Adobe\Acrobat 7.0\Resource\CMap\B5pc-H
FileLength:6703
FileModTime:971120690
%EndFont

%BeginFont
Handler:DirectoryHandler
FontType:CMap
CMapName:B5pc-UCS2
Registry:Adobe
Ordering:B5pc_UCS2
UseCMap:B5pc-UCS2C
OutlineFileName:C:\Program Files\Adobe\Acrobat 7.0\Resource\CMap\B5pc-UCS2
FileLength:1225
FileModTime:1035241640
%EndFont

%BeginFont
Handler:DirectoryHandler
FontType:CMap
CMapName:B5pc-UCS2C
Registry:Adobe
Ordering:B5pc_UCS2C
OutlineFileName:C:\Program Files\Adobe\Acrobat 7.0\Resource\CMap\B5pc-UCS2C
FileLength:284606
FileModTime:1035241648
%EndFont

%BeginFont
Handler:DirectoryHandler
FontType:CMap
CMapName:B5pc-V
Registry:Adobe
Ordering:CNS1
UseCMap:B5pc-H
OutlineFileName:C:\Program Files\Adobe\Acrobat 7.0\Resource\CMap\B5pc-V
FileLength:1845
FileModTime:971120690
%EndFont

%BeginFont
Handler:DirectoryHandler
FontType:CMap
CMapName:CNS-EUC-H
Registry:Adobe
Ordering:CNS1
OutlineFileName:C:\Program Files\Adobe\Acrobat 7.0\Resource\CMap\CNS-EUC-H
FileLength:11555
FileModTime:971120690
%EndFont

%BeginFont
Handler:DirectoryHandler
FontType:CMap
CMapName:CNS-EUC-V
Registry:Adobe
Ordering:CNS1
OutlineFileName:C:\Program Files\Adobe\Acrobat 7.0\Resource\CMap\CNS-EUC-V
FileLength:12635
FileModTime:971120690
%EndFont

%BeginFont
Handler:DirectoryHandler
FontType:CMap
CMapName:ETen-B5-H
Registry:Adobe
Ordering:CNS1
OutlineFileName:C:\Program Files\Adobe\Acrobat 7.0\Resource\CMap\ETen-B5-H
FileLength:6865
FileModTime:971120690
%EndFont

%BeginFont
Handler:DirectoryHandler
FontType:CMap
CMapName:ETen-B5-UCS2
Registry:Adobe
Ordering:ETen_B5_UCS2
OutlineFileName:C:\Program Files\Adobe\Acrobat 7.0\Resource\CMap\ETen-B5-UCS2
FileLength:288463
FileModTime:1035241668
%EndFont

%BeginFont
Handler:DirectoryHandler
FontType:CMap
CMapName:ETen-B5-V
Registry:Adobe
Ordering:CNS1
UseCMap:ETen-B5-H
OutlineFileName:C:\Program Files\Adobe\Acrobat 7.0\Resource\CMap\ETen-B5-V
FileLength:1884
FileModTime:971120690
%EndFont

%BeginFont
Handler:DirectoryHandler
FontType:CMap
CMapName:ETenms-B5-H
Registry:Adobe
Ordering:CNS1
UseCMap:ETen-B5-H
OutlineFileName:C:\Program Files\Adobe\Acrobat 7.0\Resource\CMap\ETenms-B5-H
FileLength:1627
FileModTime:1029177576
%EndFont

%BeginFont
Handler:DirectoryHandler
FontType:CMap
CMapName:ETenms-B5-V
Registry:Adobe
Ordering:CNS1
UseCMap:ETenms-B5-H
OutlineFileName:C:\Program Files\Adobe\Acrobat 7.0\Resource\CMap\ETenms-B5-V
FileLength:1959
FileModTime:1029177576
%EndFont

%BeginFont
Handler:DirectoryHandler
FontType:CMap
CMapName:ETHK-B5-H
Registry:Adobe
Ordering:CNS1
OutlineFileName:C:\Program Files\Adobe\Acrobat 7.0\Resource\CMap\ETHK-B5-H
FileLength:23160
FileModTime:1029177576
%EndFont

%BeginFont
Handler:DirectoryHandler
FontType:CMap
CMapName:ETHK-B5-V
Registry:Adobe
Ordering:CNS1
UseCMap:ETHK-B5-H
OutlineFileName:C:\Program Files\Adobe\Acrobat 7.0\Resource\CMap\ETHK-B5-V
FileLength:1864
FileModTime:1029177576
%EndFont

%BeginFont
Handler:DirectoryHandler
FontType:CMap
CMapName:EUC-H
Registry:Adobe
Ordering:Japan1
OutlineFileName:C:\Program Files\Adobe\Acrobat 7.0\Resource\CMap\EUC-H
FileLength:4101
FileModTime:971120690
%EndFont

%BeginFont
Handler:DirectoryHandler
FontType:CMap
CMapName:EUC-V
Registry:Adobe
Ordering:Japan1
UseCMap:EUC-H
OutlineFileName:C:\Program Files\Adobe\Acrobat 7.0\Resource\CMap\EUC-V
FileLength:2147
FileModTime:1037731310
%EndFont

%BeginFont
Handler:DirectoryHandler
FontType:CMap
CMapName:Ext-RKSJ-H
Registry:Adobe
Ordering:Japan1
OutlineFileName:C:\Program Files\Adobe\Acrobat 7.0\Resource\CMap\Ext-RKSJ-H
FileLength:15194
FileModTime:971120690
%EndFont

%BeginFont
Handler:DirectoryHandler
FontType:CMap
CMapName:Ext-RKSJ-V
Registry:Adobe
Ordering:Japan1
UseCMap:Ext-RKSJ-H
OutlineFileName:C:\Program Files\Adobe\Acrobat 7.0\Resource\CMap\Ext-RKSJ-V
FileLength:2417
FileModTime:1037731310
%EndFont

%BeginFont
Handler:DirectoryHandler
FontType:CMap
CMapName:GB-EUC-H
Registry:Adobe
Ordering:GB1
OutlineFileName:C:\Program Files\Adobe\Acrobat 7.0\Resource\CMap\GB-EUC-H
FileLength:3419
FileModTime:971120690
%EndFont

%BeginFont
Handler:DirectoryHandler
FontType:CMap
CMapName:GB-EUC-V
Registry:Adobe
Ordering:GB1
UseCMap:GB-EUC-H
OutlineFileName:C:\Program Files\Adobe\Acrobat 7.0\Resource\CMap\GB-EUC-V
FileLength:2017
FileModTime:971120690
%EndFont

%BeginFont
Handler:DirectoryHandler
FontType:CMap
CMapName:GBK-EUC-H
Registry:Adobe
Ordering:GB1
OutlineFileName:C:\Program Files\Adobe\Acrobat 7.0\Resource\CMap\GBK-EUC-H
FileLength:86194
FileModTime:971120690
%EndFont

%BeginFont
Handler:DirectoryHandler
FontType:CMap
CMapName:GBK-EUC-UCS2
Registry:Adobe
Ordering:GBK_EUC_UCS2
OutlineFileName:C:\Program Files\Adobe\Acrobat 7.0\Resource\CMap\GBK-EUC-UCS2
FileLength:233552
FileModTime:1035241688
%EndFont

%BeginFont
Handler:DirectoryHandler
FontType:CMap
CMapName:GBK-EUC-V
Registry:Adobe
Ordering:GB1
UseCMap:GBK-EUC-H
OutlineFileName:C:\Program Files\Adobe\Acrobat 7.0\Resource\CMap\GBK-EUC-V
FileLength:2005
FileModTime:1037731308
%EndFont

%BeginFont
Handler:DirectoryHandler
FontType:CMap
CMapName:GBK2K-H
Registry:Adobe
Ordering:GB1
OutlineFileName:C:\Program Files\Adobe\Acrobat 7.0\Resource\CMap\GBK2K-H
FileLength:112247
FileModTime:983238632
%EndFont

%BeginFont
Handler:DirectoryHandler
FontType:CMap
CMapName:GBK2K-V
Registry:Adobe
Ordering:GB1
UseCMap:GBK2K-H
OutlineFileName:C:\Program Files\Adobe\Acrobat 7.0\Resource\CMap\GBK2K-V
FileLength:2419
FileModTime:982955548
%EndFont

%BeginFont
Handler:DirectoryHandler
FontType:CMap
CMapName:GBKp-EUC-H
Registry:Adobe
Ordering:GB1
OutlineFileName:C:\Program Files\Adobe\Acrobat 7.0\Resource\CMap\GBKp-EUC-H
FileLength:86174
FileModTime:971120690
%EndFont

%BeginFont
Handler:DirectoryHandler
FontType:CMap
CMapName:GBKp-EUC-V
Registry:Adobe
Ordering:GB1
UseCMap:GBKp-EUC-H
OutlineFileName:C:\Program Files\Adobe\Acrobat 7.0\Resource\CMap\GBKp-EUC-V
FileLength:2011
FileModTime:1037731308
%EndFont

%BeginFont
Handler:DirectoryHandler
FontType:CMap
CMapName:GBpc-EUC-H
Registry:Adobe
Ordering:GB1
OutlineFileName:C:\Program Files\Adobe\Acrobat 7.0\Resource\CMap\GBpc-EUC-H
FileLength:3449
FileModTime:971120690
%EndFont

%BeginFont
Handler:DirectoryHandler
FontType:CMap
CMapName:GBpc-EUC-UCS2
Registry:Adobe
Ordering:GBpc_EUC_UCS2
UseCMap:GBpc-EUC-UCS2C
OutlineFileName:C:\Program Files\Adobe\Acrobat 7.0\Resource\CMap\GBpc-EUC-UCS2
FileLength:1312
FileModTime:1035241714
%EndFont

%BeginFont
Handler:DirectoryHandler
FontType:CMap
CMapName:GBpc-EUC-UCS2C
Registry:Adobe
Ordering:GBpc_EUC_UCS2C
OutlineFileName:C:\Program Files\Adobe\Acrobat 7.0\Resource\CMap\GBpc-EUC-UCS2C
FileLength:148118
FileModTime:1035241738
%EndFont

%BeginFont
Handler:DirectoryHandler
FontType:CMap
CMapName:GBpc-EUC-V
Registry:Adobe
Ordering:GB1
UseCMap:GBpc-EUC-H
OutlineFileName:C:\Program Files\Adobe\Acrobat 7.0\Resource\CMap\GBpc-EUC-V
FileLength:2029
FileModTime:971120690
%EndFont

%BeginFont
Handler:DirectoryHandler
FontType:CMap
CMapName:GBT-EUC-H
Registry:Adobe
Ordering:GB1
OutlineFileName:C:\Program Files\Adobe\Acrobat 7.0\Resource\CMap\GBT-EUC-H
FileLength:48024
FileModTime:971120690
%EndFont

%BeginFont
Handler:DirectoryHandler
FontType:CMap
CMapName:GBT-EUC-V
Registry:Adobe
Ordering:GB1
UseCMap:GBT-EUC-H
OutlineFileName:C:\Program Files\Adobe\Acrobat 7.0\Resource\CMap\GBT-EUC-V
FileLength:2025
FileModTime:971120690
%EndFont

%BeginFont
Handler:DirectoryHandler
FontType:CMap
CMapName:H
Registry:Adobe
Ordering:Japan1
OutlineFileName:C:\Program Files\Adobe\Acrobat 7.0\Resource\CMap\H
FileLength:3960
FileModTime:971120690
%EndFont

%BeginFont
Handler:DirectoryHandler
FontType:CMap
CMapName:HKdla-B5-H
Registry:Adobe
Ordering:CNS1
OutlineFileName:C:\Program Files\Adobe\Acrobat 7.0\Resource\CMap\HKdla-B5-H
FileLength:23221
FileModTime:971120690
%EndFont

%BeginFont
Handler:DirectoryHandler
FontType:CMap
CMapName:HKdla-B5-V
Registry:Adobe
Ordering:CNS1
UseCMap:HKdla-B5-H
OutlineFileName:C:\Program Files\Adobe\Acrobat 7.0\Resource\CMap\HKdla-B5-V
FileLength:1849
FileModTime:1029177576
%EndFont

%BeginFont
Handler:DirectoryHandler
FontType:CMap
CMapName:HKdlb-B5-H
Registry:Adobe
Ordering:CNS1
OutlineFileName:C:\Program Files\Adobe\Acrobat 7.0\Resource\CMap\HKdlb-B5-H
FileLength:20763
FileModTime:971120690
%EndFont

%BeginFont
Handler:DirectoryHandler
FontType:CMap
CMapName:HKdlb-B5-V
Registry:Adobe
Ordering:CNS1
UseCMap:HKdlb-B5-H
OutlineFileName:C:\Program Files\Adobe\Acrobat 7.0\Resource\CMap\HKdlb-B5-V
FileLength:1849
FileModTime:1029177576
%EndFont

%BeginFont
Handler:DirectoryHandler
FontType:CMap
CMapName:HKgccs-B5-H
Registry:Adobe
Ordering:CNS1
OutlineFileName:C:\Program Files\Adobe\Acrobat 7.0\Resource\CMap\HKgccs-B5-H
FileLength:13191
FileModTime:971120690
%EndFont

%BeginFont
Handler:DirectoryHandler
FontType:CMap
CMapName:HKgccs-B5-V
Registry:Adobe
Ordering:CNS1
UseCMap:HKgccs-B5-H
OutlineFileName:C:\Program Files\Adobe\Acrobat 7.0\Resource\CMap\HKgccs-B5-V
FileLength:1855
FileModTime:1029177576
%EndFont

%BeginFont
Handler:DirectoryHandler
FontType:CMap
CMapName:HKm314-B5-H
Registry:Adobe
Ordering:CNS1
OutlineFileName:C:\Program Files\Adobe\Acrobat 7.0\Resource\CMap\HKm314-B5-H
FileLength:12995
FileModTime:971120690
%EndFont

%BeginFont
Handler:DirectoryHandler
FontType:CMap
CMapName:HKm314-B5-V
Registry:Adobe
Ordering:CNS1
UseCMap:HKm314-B5-H
OutlineFileName:C:\Program Files\Adobe\Acrobat 7.0\Resource\CMap\HKm314-B5-V
FileLength:1855
FileModTime:1029177576
%EndFont

%BeginFont
Handler:DirectoryHandler
FontType:CMap
CMapName:HKm471-B5-H
Registry:Adobe
Ordering:CNS1
OutlineFileName:C:\Program Files\Adobe\Acrobat 7.0\Resource\CMap\HKm471-B5-H
FileLength:16115
FileModTime:971120690
%EndFont

%BeginFont
Handler:DirectoryHandler
FontType:CMap
CMapName:HKm471-B5-V
Registry:Adobe
Ordering:CNS1
UseCMap:HKm471-B5-H
OutlineFileName:C:\Program Files\Adobe\Acrobat 7.0\Resource\CMap\HKm471-B5-V
FileLength:1855
FileModTime:1029177576
%EndFont

%BeginFont
Handler:DirectoryHandler
FontType:CMap
CMapName:HKscs-B5-H
Registry:Adobe
Ordering:CNS1
OutlineFileName:C:\Program Files\Adobe\Acrobat 7.0\Resource\CMap\HKscs-B5-H
FileLength:23214
FileModTime:1029177578
%EndFont

%BeginFont
Handler:DirectoryHandler
FontType:CMap
CMapName:HKscs-B5-V
Registry:Adobe
Ordering:CNS1
UseCMap:HKscs-B5-H
OutlineFileName:C:\Program Files\Adobe\Acrobat 7.0\Resource\CMap\HKscs-B5-V
FileLength:1870
FileModTime:1029177578
%EndFont

%BeginFont
Handler:DirectoryHandler
FontType:CMap
CMapName:Identity-H
Registry:Adobe
Ordering:Identity
OutlineFileName:C:\Program Files\Adobe\Acrobat 7.0\Resource\CMap\Identity-H
FileLength:6716
FileModTime:971120690
%EndFont

%BeginFont
Handler:DirectoryHandler
FontType:CMap
CMapName:Identity-V
Registry:Adobe
Ordering:Identity
UseCMap:Identity-H
OutlineFileName:C:\Program Files\Adobe\Acrobat 7.0\Resource\CMap\Identity-V
FileLength:1249
FileModTime:971120690
%EndFont

%BeginFont
Handler:DirectoryHandler
FontType:CMap
CMapName:KSC-EUC-H
Registry:Adobe
Ordering:Korea1
OutlineFileName:C:\Program Files\Adobe\Acrobat 7.0\Resource\CMap\KSC-EUC-H
FileLength:11109
FileModTime:971120690
%EndFont

%BeginFont
Handler:DirectoryHandler
FontType:CMap
CMapName:KSC-EUC-V
Registry:Adobe
Ordering:Korea1
UseCMap:KSC-EUC-H
OutlineFileName:C:\Program Files\Adobe\Acrobat 7.0\Resource\CMap\KSC-EUC-V
FileLength:1949
FileModTime:971120690
%EndFont

%BeginFont
Handler:DirectoryHandler
FontType:CMap
CMapName:KSCms-UHC-H
Registry:Adobe
Ordering:Korea1
OutlineFileName:C:\Program Files\Adobe\Acrobat 7.0\Resource\CMap\KSCms-UHC-H
FileLength:15535
FileModTime:971120690
%EndFont

%BeginFont
Handler:DirectoryHandler
FontType:CMap
CMapName:KSCms-UHC-HW-H
Registry:Adobe
Ordering:Korea1
OutlineFileName:C:\Program Files\Adobe\Acrobat 7.0\Resource\CMap\KSCms-UHC-HW-H
FileLength:15530
FileModTime:971120690
%EndFont

%BeginFont
Handler:DirectoryHandler
FontType:CMap
CMapName:KSCms-UHC-HW-V
Registry:Adobe
Ordering:Korea1
UseCMap:KSCms-UHC-HW-H
OutlineFileName:C:\Program Files\Adobe\Acrobat 7.0\Resource\CMap\KSCms-UHC-HW-V
FileLength:1961
FileModTime:971120690
%EndFont

%BeginFont
Handler:DirectoryHandler
FontType:CMap
CMapName:KSCms-UHC-UCS2
Registry:Adobe
Ordering:KSCms_UHC_UCS2
OutlineFileName:C:\Program Files\Adobe\Acrobat 7.0\Resource\CMap\KSCms-UHC-UCS2
FileLength:189847
FileModTime:1035241754
%EndFont

%BeginFont
Handler:DirectoryHandler
FontType:CMap
CMapName:KSCms-UHC-V
Registry:Adobe
Ordering:Korea1
UseCMap:KSCms-UHC-H
OutlineFileName:C:\Program Files\Adobe\Acrobat 7.0\Resource\CMap\KSCms-UHC-V
FileLength:1963
FileModTime:971120690
%EndFont

%BeginFont
Handler:DirectoryHandler
FontType:CMap
CMapName:KSCpc-EUC-H
Registry:Adobe
Ordering:Korea1
OutlineFileName:C:\Program Files\Adobe\Acrobat 7.0\Resource\CMap\KSCpc-EUC-H
FileLength:11982
FileModTime:971120690
%EndFont

%BeginFont
Handler:DirectoryHandler
FontType:CMap
CMapName:KSCpc-EUC-UCS2
Registry:Adobe
Ordering:KSCpc_EUC_UCS2
UseCMap:KSCpc-EUC-UCS2C
OutlineFileName:C:\Program Files\Adobe\Acrobat 7.0\Resource\CMap\KSCpc-EUC-UCS2
FileLength:16328
FileModTime:1035241790
%EndFont

%BeginFont
Handler:DirectoryHandler
FontType:CMap
CMapName:KSCpc-EUC-UCS2C
Registry:Adobe
Ordering:KSCpc_EUC_UCS2C
OutlineFileName:C:\Program Files\Adobe\Acrobat 7.0\Resource\CMap\KSCpc-EUC-UCS2C
FileLength:156825
FileModTime:1035241798
%EndFont

%BeginFont
Handler:DirectoryHandler
FontType:CMap
CMapName:UCS2-90ms-RKSJ
Registry:Adobe
Ordering:UCS2_90ms_RKSJ
OutlineFileName:C:\Program Files\Adobe\Acrobat 7.0\Resource\CMap\UCS2-90ms-RKSJ
FileLength:155399
FileModTime:1035241810
%EndFont

%BeginFont
Handler:DirectoryHandler
FontType:CMap
CMapName:UCS2-90pv-RKSJ
Registry:Adobe
Ordering:UCS2_90pv_RKSJ
OutlineFileName:C:\Program Files\Adobe\Acrobat 7.0\Resource\CMap\UCS2-90pv-RKSJ
FileLength:148339
FileModTime:1035241824
%EndFont

%BeginFont
Handler:DirectoryHandler
FontType:CMap
CMapName:UCS2-B5pc
Registry:Adobe
Ordering:UCS2_B5pc
OutlineFileName:C:\Program Files\Adobe\Acrobat 7.0\Resource\CMap\UCS2-B5pc
FileLength:284931
FileModTime:1035241832
%EndFont

%BeginFont
Handler:DirectoryHandler
FontType:CMap
CMapName:UCS2-ETen-B5
Registry:Adobe
Ordering:UCS2_ETen_B5
OutlineFileName:C:\Program Files\Adobe\Acrobat 7.0\Resource\CMap\UCS2-ETen-B5
FileLength:299283
FileModTime:1035241840
%EndFont

%BeginFont
Handler:DirectoryHandler
FontType:CMap
CMapName:UCS2-GBK-EUC
Registry:Adobe
Ordering:UCS2_GBK_EUC
OutlineFileName:C:\Program Files\Adobe\Acrobat 7.0\Resource\CMap\UCS2-GBK-EUC
FileLength:243835
FileModTime:1035241848
%EndFont

%BeginFont
Handler:DirectoryHandler
FontType:CMap
CMapName:UCS2-GBpc-EUC
Registry:Adobe
Ordering:UCS2_GBpc_EUC
OutlineFileName:C:\Program Files\Adobe\Acrobat 7.0\Resource\CMap\UCS2-GBpc-EUC
FileLength:197163
FileModTime:1035241856
%EndFont

%BeginFont
Handler:DirectoryHandler
FontType:CMap
CMapName:UCS2-KSCms-UHC
Registry:Adobe
Ordering:UCS2_KCSms_UHC
OutlineFileName:C:\Program Files\Adobe\Acrobat 7.0\Resource\CMap\UCS2-KSCms-UHC
FileLength:196449
FileModTime:1035241862
%EndFont

%BeginFont
Handler:DirectoryHandler
FontType:CMap
CMapName:UCS2-KSCpc-EUC
Registry:Adobe
Ordering:UCS2_KSCpc_EUC
OutlineFileName:C:\Program Files\Adobe\Acrobat 7.0\Resource\CMap\UCS2-KSCpc-EUC
FileLength:153399
FileModTime:1035241870
%EndFont

%BeginFont
Handler:DirectoryHandler
FontType:CMap
CMapName:UniCNS-UCS2-H
Registry:Adobe
Ordering:CNS1
OutlineFileName:C:\Program Files\Adobe\Acrobat 7.0\Resource\CMap\UniCNS-UCS2-H
FileLength:342160
FileModTime:980570508
%EndFont

%BeginFont
Handler:DirectoryHandler
FontType:CMap
CMapName:UniCNS-UCS2-V
Registry:Adobe
Ordering:CNS1
UseCMap:UniCNS-UCS2-H
OutlineFileName:C:\Program Files\Adobe\Acrobat 7.0\Resource\CMap\UniCNS-UCS2-V
FileLength:1880
FileModTime:1037731308
%EndFont

%BeginFont
Handler:DirectoryHandler
FontType:CMap
CMapName:UniCNS-UTF16-H
Registry:Adobe
Ordering:CNS1
OutlineFileName:C:\Program Files\Adobe\Acrobat 7.0\Resource\CMap\UniCNS-UTF16-H
FileLength:266770
FileModTime:1089325318
%EndFont

%BeginFont
Handler:DirectoryHandler
FontType:CMap
CMapName:UniCNS-UTF16-V
Registry:Adobe
Ordering:CNS1
UseCMap:UniCNS-UTF16-H
OutlineFileName:C:\Program Files\Adobe\Acrobat 7.0\Resource\CMap\UniCNS-UTF16-V
FileLength:1873
FileModTime:1029177582
%EndFont

%BeginFont
Handler:DirectoryHandler
FontType:CMap
CMapName:UniGB-UCS2-H
Registry:Adobe
Ordering:GB1
OutlineFileName:C:\Program Files\Adobe\Acrobat 7.0\Resource\CMap\UniGB-UCS2-H
FileLength:287523
FileModTime:982955548
%EndFont

%BeginFont
Handler:DirectoryHandler
FontType:CMap
CMapName:UniGB-UCS2-V
Registry:Adobe
Ordering:GB1
UseCMap:UniGB-UCS2-H
OutlineFileName:C:\Program Files\Adobe\Acrobat 7.0\Resource\CMap\UniGB-UCS2-V
FileLength:2087
FileModTime:1037731308
%EndFont

%BeginFont
Handler:DirectoryHandler
FontType:CMap
CMapName:UniGB-UTF16-H
Registry:Adobe
Ordering:GB1
OutlineFileName:C:\Program Files\Adobe\Acrobat 7.0\Resource\CMap\UniGB-UTF16-H
FileLength:212736
FileModTime:1089325272
%EndFont

%BeginFont
Handler:DirectoryHandler
FontType:CMap
CMapName:UniGB-UTF16-V
Registry:Adobe
Ordering:GB1
UseCMap:UniGB-UTF16-H
OutlineFileName:C:\Program Files\Adobe\Acrobat 7.0\Resource\CMap\UniGB-UTF16-V
FileLength:1984
FileModTime:1089325272
%EndFont

%BeginFont
Handler:DirectoryHandler
FontType:CMap
CMapName:UniJIS-UCS2-H
Registry:Adobe
Ordering:Japan1
OutlineFileName:C:\Program Files\Adobe\Acrobat 7.0\Resource\CMap\UniJIS-UCS2-H
FileLength:176286
FileModTime:1037731310
%EndFont

%BeginFont
Handler:DirectoryHandler
FontType:CMap
CMapName:UniJIS-UCS2-HW-H
Registry:Adobe
Ordering:Japan1
UseCMap:UniJIS-UCS2-H
OutlineFileName:C:\Program Files\Adobe\Acrobat 7.0\Resource\CMap\UniJIS-UCS2-HW-H
FileLength:1720
FileModTime:1037731310
%EndFont

%BeginFont
Handler:DirectoryHandler
FontType:CMap
CMapName:UniJIS-UCS2-HW-V
Registry:Adobe
Ordering:Japan1
UseCMap:UniJIS-UCS2-H
OutlineFileName:C:\Program Files\Adobe\Acrobat 7.0\Resource\CMap\UniJIS-UCS2-HW-V
FileLength:5689
FileModTime:1037731310
%EndFont

%BeginFont
Handler:DirectoryHandler
FontType:CMap
CMapName:UniJIS-UCS2-V
Registry:Adobe
Ordering:Japan1
UseCMap:UniJIS-UCS2-H
OutlineFileName:C:\Program Files\Adobe\Acrobat 7.0\Resource\CMap\UniJIS-UCS2-V
FileLength:5603
FileModTime:1037731310
%EndFont

%BeginFont
Handler:DirectoryHandler
FontType:CMap
CMapName:UniJIS-UTF16-H
Registry:Adobe
Ordering:Japan1
OutlineFileName:C:\Program Files\Adobe\Acrobat 7.0\Resource\CMap\UniJIS-UTF16-H
FileLength:199717
FileModTime:1089325206
%EndFont

%BeginFont
Handler:DirectoryHandler
FontType:CMap
CMapName:UniJIS-UTF16-V
Registry:Adobe
Ordering:Japan1
UseCMap:UniJIS-UTF16-H
OutlineFileName:C:\Program Files\Adobe\Acrobat 7.0\Resource\CMap\UniJIS-UTF16-V
FileLength:4825
FileModTime:1089325206
%EndFont

%BeginFont
Handler:DirectoryHandler
FontType:CMap
CMapName:UniKS-UCS2-H
Registry:Adobe
Ordering:Korea1
OutlineFileName:C:\Program Files\Adobe\Acrobat 7.0\Resource\CMap\UniKS-UCS2-H
FileLength:173553
FileModTime:971120690
%EndFont

%BeginFont
Handler:DirectoryHandler
FontType:CMap
CMapName:UniKS-UCS2-V
Registry:Adobe
Ordering:Korea1
UseCMap:UniKS-UCS2-H
OutlineFileName:C:\Program Files\Adobe\Acrobat 7.0\Resource\CMap\UniKS-UCS2-V
FileLength:1990
FileModTime:971120690
%EndFont

%BeginFont
Handler:DirectoryHandler
FontType:CMap
CMapName:UniKS-UTF16-H
Registry:Adobe
Ordering:Korea1
OutlineFileName:C:\Program Files\Adobe\Acrobat 7.0\Resource\CMap\UniKS-UTF16-H
FileLength:130604
FileModTime:1037731298
%EndFont

%BeginFont
Handler:DirectoryHandler
FontType:CMap
CMapName:UniKS-UTF16-V
Registry:Adobe
Ordering:Korea1
UseCMap:UniKS-UTF16-H
OutlineFileName:C:\Program Files\Adobe\Acrobat 7.0\Resource\CMap\UniKS-UTF16-V
FileLength:1948
FileModTime:1037731298
%EndFont

%BeginFont
Handler:DirectoryHandler
FontType:CMap
CMapName:V
Registry:Adobe
Ordering:Japan1
UseCMap:H
OutlineFileName:C:\Program Files\Adobe\Acrobat 7.0\Resource\CMap\V
FileLength:2123
FileModTime:1037731310
%EndFont

